C:\Users\vinu\vinod\vinodproject\vinodproject\views.py
C:\Users\vinu\vinod\vinodproject\vinodproject\urls.py
C:\Users\vinu\vinu\vinodproject\manage.py
C:\Users\vinu\vinu\vinodproject\vinodproject\urls.py
C:\Users\vinu\AppData\Local\Programs\Python\Python310\15bus.py
C:\Users\vinu\AppData\Local\Programs\Python\Python310\IEEE 15 BUSES DISTRIBUTION SYSTEM LOAD FLOW ANALYSIS.py
C:\Users\vinu\AppData\Local\Programs\Python\Python310\swami.py
C:\Users\vinu\AppData\Local\Programs\Python\Python310\swami2.py
C:\Users\vinu\AppData\Local\Programs\Python\Python310\vikram.py
C:\Users\vinu\AppData\Local\Programs\Python\Python310\ram.py
C:\Users\vinu\AppData\Local\Programs\Python\Python310\vinu124.py
C:\Users\vinu\AppData\Local\Programs\Python\Python310\vinu123.py
C:\Users\vinu\AppData\Local\Programs\Python\Python310\kgf.py
C:\Users\vinu\AppData\Local\Programs\Python\Python310\kumar.py
C:\Users\vinu\AppData\Local\Programs\Python\Python310\project.py
C:\Users\vinu\AppData\Local\Programs\Python\Python310\u.py
C:\Users\vinu\AppData\Local\Programs\Python\Python310\vinod.py
C:\Users\vinu\AppData\Local\Programs\Python\Python310\vinu.py
C:\Users\vinu\AppData\Local\Programs\Python\Python310\vyshu.py
C:\Users\vinu\AppData\Local\Programs\Python\Python310\goal.py
C:\Users\vinu\AppData\Local\Programs\Python\Python310\58.py
